###############################################################################
#
# IAR ELF Linker V9.10.1.308/W64 for ARM                  20/Dec/2024  23:44:47
# Copyright 2007-2021 IAR Systems AB.
#
#    Output file  =
#        E:\UNI\Senior 1\Fall\Embedded\Projects\Smart Home\Debug\Exe\Smart
#        Home.out
#    Map file     =
#        E:\UNI\Senior 1\Fall\Embedded\Projects\Smart Home\Debug\List\Smart
#        Home.map
#    Command line =
#        -f "E:\UNI\Senior 1\Fall\Embedded\Projects\Smart Home\Debug\Exe\Smart
#        Home.out.rsp" ("E:\UNI\Senior 1\Fall\Embedded\Projects\Smart
#        Home\Debug\Obj\DIO.o" "E:\UNI\Senior 1\Fall\Embedded\Projects\Smart
#        Home\Debug\Obj\door.o" "E:\UNI\Senior 1\Fall\Embedded\Projects\Smart
#        Home\Debug\Obj\lamp.o" "E:\UNI\Senior 1\Fall\Embedded\Projects\Smart
#        Home\Debug\Obj\main.o" "E:\UNI\Senior 1\Fall\Embedded\Projects\Smart
#        Home\Debug\Obj\plug.o" "E:\UNI\Senior 1\Fall\Embedded\Projects\Smart
#        Home\Debug\Obj\temp.o" "E:\UNI\Senior 1\Fall\Embedded\Projects\Smart
#        Home\Debug\Obj\UART.o" --no_out_extension -o "E:\UNI\Senior
#        1\Fall\Embedded\Projects\Smart Home\Debug\Exe\Smart Home.out"
#        --redirect _Printf=_PrintfFullNoMb --redirect _Scanf=_ScanfFullNoMb
#        --map "E:\UNI\Senior 1\Fall\Embedded\Projects\Smart
#        Home\Debug\List\Smart Home.map" --config "C:\Program Files\IAR
#        Systems\Embedded Workbench
#        9.0\arm\config\linker\TexasInstruments\TM4C123GH6.icf" --semihosting
#        --entry __iar_program_start --vfe --text_out locale)
#
###############################################################################

*******************************************************************************
*** RUNTIME MODEL ATTRIBUTES
***

CppFlavor       = *
__SystemLibrary = DLib
__dlib_version  = 6


*******************************************************************************
*** HEAP SELECTION
***

The basic heap was selected because no calls to memory allocation
functions were found in the application outside of system library
functions, and there are calls to deallocation functions in the
application.


*******************************************************************************
*** PLACEMENT SUMMARY
***

"A0":  place at address 0x0 { ro section .intvec };
"P1":  place in [from 0x0 to 0x3'ffff] { ro };
define block CSTACK with size = 4K, alignment = 8 { };
define block HEAP with size = 8K, alignment = 8 { };
"P2":  place in [from 0x2000'0000 to 0x2000'7fff] {
          rw, block CSTACK, block HEAP };
initialize by copy { rw };

  Section            Kind         Address    Size  Object
  -------            ----         -------    ----  ------
"A0":                                        0x40
  .intvec            ro code          0x0    0x40  vector_table_M.o [4]
                                   - 0x40    0x40

"P1":                                      0x246c
  .text              ro code         0x40   0xf16  xprintffull_nomb.o [2]
  .text              ro code        0xf56    0x2a  copy_init3.o [4]
  .text              ro code        0xf80    0x16  strchr.o [4]
  .text              ro code        0xf96     0xa  xsprout.o [2]
  .text              ro code        0xfa0    0x40  xfail_s.o [2]
  .text              ro code        0xfe0    0x36  strlen.o [4]
  .text              ro code       0x1016     0x2  vectortrap_M.o [4]
  .text              ro code       0x1018    0x58  memchr.o [4]
  .text              ro code       0x1070    0x76  ABImemcpy_unaligned.o [4]
  .text              ro code       0x10e8    0x70  frexp.o [3]
  .text              ro code       0x1158    0x34  DblCmpLe.o [3]
  .text              ro code       0x118c    0x34  DblCmpGe.o [3]
  .text              ro code       0x11c0   0x13a  ldexp.o [3]
  .text              ro code       0x12fc    0x36  DblToS32.o [3]
  .text              ro code       0x1334    0x22  S32ToDbl.o [3]
  .text              ro code       0x1358   0x24e  DblAddSub.o [3]
  .text              ro code       0x15a8   0x246  DblDiv.o [3]
  .text              ro code       0x17f0    0x22  DblToU32.o [3]
  .text              ro code       0x1814    0x1c  U32ToDbl.o [3]
  .text              ro code       0x1830   0x1aa  DblMul.o [3]
  .text              ro code       0x19dc   0x230  I64DivMod.o [4]
  .text              ro code       0x1c0c     0x6  abort.o [2]
  .text              ro code       0x1c14     0x2  I64DivZer.o [4]
  .text              ro code       0x1c18    0x14  exit.o [5]
  .text              ro code       0x1c2c   0x27c  DIO.o [1]
  .text              ro code       0x1ea8   0x138  temp.o [1]
  .text              ro code       0x1fe0    0x68  DblToFlt.o [3]
  .text              ro code       0x2048    0x48  FltToDbl.o [3]
  .text              ro code       0x2090    0x40  sprintf.o [2]
  .text              ro code       0x20d0   0x10a  UART.o [1]
  .text              ro code       0x21dc    0x80  door.o [1]
  .text              ro code       0x225c    0x78  main.o [1]
  .text              ro code       0x22d4    0x6c  lamp.o [1]
  .text              ro code       0x2340    0x6e  plug.o [1]
  .text              ro code       0x23b0    0x28  data_init.o [4]
  .text              ro code       0x23d8    0x22  fpinit_M.o [3]
  .iar.init_table    const         0x23fc    0x14  - Linker created -
  .text              ro code       0x2410    0x1e  cmain.o [4]
  .text              ro code       0x242e     0x4  low_level_init.o [2]
  .text              ro code       0x2432     0x4  exit.o [2]
  .text              ro code       0x2438     0xa  cexit.o [4]
  .text              ro code       0x2444    0x1c  cstartup_M.o [4]
  .rodata            const         0x2460    0x14  main.o [1]
  .rodata            const         0x2474    0x10  door.o [1]
  .rodata            const         0x2484    0x10  door.o [1]
  .rodata            const         0x2494    0x10  temp.o [1]
  Initializer bytes  const         0x24a4     0x8  <for P2-1>
  .rodata            const         0x24ac     0x0  copy_init3.o [4]
                                 - 0x24ac  0x246c

"P2", part 1 of 2:                            0x8
  P2-1                        0x2000'0000     0x5  <Init block>
    .bss             inited   0x2000'0000     0x4  xfail_s.o [2]
    .data            inited   0x2000'0004     0x1  door.o [1]
                            - 0x2000'0005     0x5

"P2", part 2 of 2:                         0x1000
  CSTACK                      0x2000'0008  0x1000  <Block>
    CSTACK           uninit   0x2000'0008  0x1000  <Block tail>
                            - 0x2000'1008  0x1000

Unused ranges:

         From           To      Size
         ----           --      ----
       0x24ac     0x3'ffff  0x3'db54
  0x2000'1008  0x2000'7fff    0x6ff8


*******************************************************************************
*** INIT TABLE
***

          Address      Size
          -------      ----
Copy (__iar_copy_init3)
    1 source range, total size 0x8 (160% of destination):
               0x24a4   0x8
    1 destination range, total size 0x5:
          0x2000'0000   0x5



*******************************************************************************
*** MODULE SUMMARY
***

    Module                 ro code  ro data  rw data
    ------                 -------  -------  -------
command line/config:
    ------------------------------------------------
    Total:

E:\UNI\Senior 1\Fall\Embedded\Projects\Smart Home\Debug\Obj: [1]
    DIO.o                      636
    UART.o                     266
    door.o                     128       33        1
    lamp.o                     108
    main.o                     120       20
    plug.o                     110
    temp.o                     312       16
    ------------------------------------------------
    Total:                   1'680       69        1

dl7M_tln.a: [2]
    abort.o                      6
    exit.o                       4
    low_level_init.o             4
    sprintf.o                   64
    xfail_s.o                   64        4        4
    xprintffull_nomb.o       3'862
    xsprout.o                   10
    ------------------------------------------------
    Total:                   4'014        4        4

m7M_tls.a: [3]
    DblAddSub.o                590
    DblCmpGe.o                  52
    DblCmpLe.o                  52
    DblDiv.o                   582
    DblMul.o                   426
    DblToFlt.o                 104
    DblToS32.o                  54
    DblToU32.o                  34
    FltToDbl.o                  72
    S32ToDbl.o                  34
    U32ToDbl.o                  28
    fpinit_M.o                  34
    frexp.o                    112
    ldexp.o                    314
    ------------------------------------------------
    Total:                   2'488

rt7M_tl.a: [4]
    ABImemcpy_unaligned.o      118
    I64DivMod.o                560
    I64DivZer.o                  2
    cexit.o                     10
    cmain.o                     30
    copy_init3.o                42
    cstartup_M.o                28
    data_init.o                 40
    memchr.o                    88
    strchr.o                    22
    strlen.o                    54
    vector_table_M.o            64
    vectortrap_M.o               2
    ------------------------------------------------
    Total:                   1'060

shb_l.a: [5]
    exit.o                      20
    ------------------------------------------------
    Total:                      20

    Gaps                        28        2
    Linker created                       23    4'096
----------------------------------------------------
    Grand Total:             9'290       98    4'101


*******************************************************************************
*** ENTRY LIST
***

Entry                       Address   Size  Type      Object
-----                       -------   ----  ----      ------
.iar.init_table$$Base        0x23fc          --   Gb  - Linker created -
.iar.init_table$$Limit       0x2410          --   Gb  - Linker created -
?main                        0x2411         Code  Gb  cmain.o [4]
ADC_Init                     0x1ea9   0x7e  Code  Gb  temp.o [1]
ADC_Read                     0x1f27   0x1a  Code  Gb  temp.o [1]
BusFault_Handler             0x1017         Code  Wk  vectortrap_M.o [4]
CSTACK$$Base            0x2000'0008          --   Gb  - Linker created -
CSTACK$$Limit           0x2000'1008          --   Gb  - Linker created -
DebugMon_Handler             0x1017         Code  Wk  vectortrap_M.o [4]
Get_Temperature              0x1f41   0x2e  Code  Gb  temp.o [1]
HardFault_Handler            0x1017         Code  Wk  vectortrap_M.o [4]
MemManage_Handler            0x1017         Code  Wk  vectortrap_M.o [4]
NMI_Handler                  0x1017         Code  Wk  vectortrap_M.o [4]
PendSV_Handler               0x1017         Code  Wk  vectortrap_M.o [4]
Region$$Table$$Base          0x23fc          --   Gb  - Linker created -
Region$$Table$$Limit         0x2410          --   Gb  - Linker created -
SVC_Handler                  0x1017         Code  Wk  vectortrap_M.o [4]
SysTick_Handler              0x1017         Code  Wk  vectortrap_M.o [4]
UART0_Init                   0x20d1   0x98  Code  Gb  UART.o [1]
UART0_ReceiveChar            0x2179   0x10  Code  Gb  UART.o [1]
UART0_TransmitChar           0x2169   0x10  Code  Gb  UART.o [1]
UART0_TransmitString         0x21c5   0x16  Code  Gb  UART.o [1]
UsageFault_Handler           0x1017         Code  Wk  vectortrap_M.o [4]
_LitobFullNoMb                0xd5d  0x10c  Code  Lc  xprintffull_nomb.o [2]
_PrintfFullNoMb                0x41  0xcec  Code  Gb  xprintffull_nomb.o [2]
_PutcharFullNoMb              0xec1   0x20  Code  Lc  xprintffull_nomb.o [2]
_PutcharsFullNoMb             0xee1   0x2e  Code  Lc  xprintffull_nomb.o [2]
_SProut                       0xf97    0xa  Code  Gb  xsprout.o [2]
__aeabi_cdcmple              0x1159         Code  Gb  DblCmpLe.o [3]
__aeabi_cdrcmple             0x118d         Code  Gb  DblCmpGe.o [3]
__aeabi_d2f                  0x1fe1         Code  Gb  DblToFlt.o [3]
__aeabi_d2iz                 0x12fd         Code  Gb  DblToS32.o [3]
__aeabi_d2uiz                0x17f1         Code  Gb  DblToU32.o [3]
__aeabi_ddiv                 0x15a9         Code  Gb  DblDiv.o [3]
__aeabi_dmul                 0x1831         Code  Gb  DblMul.o [3]
__aeabi_dsub                 0x14c5         Code  Gb  DblAddSub.o [3]
__aeabi_f2d                  0x2049         Code  Gb  FltToDbl.o [3]
__aeabi_i2d                  0x1335         Code  Gb  S32ToDbl.o [3]
__aeabi_ldiv0                0x1c15         Code  Gb  I64DivZer.o [4]
__aeabi_ui2d                 0x1815         Code  Gb  U32ToDbl.o [3]
__aeabi_uldivmod             0x19dd         Code  Gb  I64DivMod.o [4]
__cmain                      0x2411         Code  Gb  cmain.o [4]
__exit                       0x1c19   0x14  Code  Gb  exit.o [5]
__iar_Fail_s                  0xfa1   0x1c  Code  Gb  xfail_s.o [2]
__iar_Memchr                 0x1019         Code  Gb  memchr.o [4]
__iar_Strchr                  0xf81         Code  Gb  strchr.o [4]
__iar_copy_init3              0xf57   0x2a  Code  Gb  copy_init3.o [4]
__iar_data_init3             0x23b1   0x28  Code  Gb  data_init.o [4]
__iar_frexp                  0x10f5         Code  Gb  frexp.o [3]
__iar_frexpl                 0x10f5         Code  Gb  frexp.o [3]
__iar_init_vfp               0x23d9         Code  Gb  fpinit_M.o [3]
__iar_ldexp64                0x11c1         Code  Gb  ldexp.o [3]
__iar_program_start          0x2445         Code  Gb  cstartup_M.o [4]
__iar_scalbln64              0x11c1         Code  Gb  ldexp.o [3]
__iar_scalbn64               0x11c1         Code  Gb  ldexp.o [3]
__iar_softfp___iar_frexp64
                             0x10e9         Code  Gb  frexp.o [3]
__iar_softfp_frexp           0x10e9         Code  Gb  frexp.o [3]
__iar_softfp_frexpl          0x10e9         Code  Gb  frexp.o [3]
__iar_unaligned_memcpy       0x1071         Code  Gb  ABImemcpy_unaligned.o [4]
__iar_unaligned_memcpy4
                             0x1091         Code  Gb  ABImemcpy_unaligned.o [4]
__iar_unaligned_memcpy8
                             0x1091         Code  Gb  ABImemcpy_unaligned.o [4]
__low_level_init             0x242f    0x4  Code  Gb  low_level_init.o [2]
__vector_table                  0x0         Data  Gb  vector_table_M.o [4]
_call_main                   0x241d         Code  Gb  cmain.o [4]
_exit                        0x2439         Code  Gb  cexit.o [4]
abort                        0x1c0d    0x6  Code  Gb  abort.o [2]
ctz                          0x1c2d   0x18  Code  Gb  DIO.o [1]
dio_init                     0x1c45  0x14a  Code  Gb  DIO.o [1]
dio_readpin                  0x1d8f   0x52  Code  Gb  DIO.o [1]
dio_writepin                 0x1de1   0xa6  Code  Gb  DIO.o [1]
door_init                    0x21dd   0x2c  Code  Gb  door.o [1]
door_update                  0x2209   0x48  Code  Gb  door.o [1]
door_update::prev_state
                        0x2000'0004    0x1  Data  Lc  door.o [1]
exit                         0x2433    0x4  Code  Gb  exit.o [2]
lamp_control                 0x22f7   0x26  Code  Gb  lamp.o [1]
lamp_init                    0x22d5   0x22  Code  Gb  lamp.o [1]
lamp_update                  0x231d   0x24  Code  Gb  lamp.o [1]
ldexp                        0x11c1         Code  Gb  ldexp.o [3]
ldexpl                       0x11c1         Code  Gb  ldexp.o [3]
main                         0x225d   0x78  Code  Gb  main.o [1]
memchr                       0x1019         Code  Gb  memchr.o [4]
plug_control                 0x2363   0x28  Code  Gb  plug.o [1]
plug_init                    0x2341   0x22  Code  Gb  plug.o [1]
plug_update                  0x238b   0x24  Code  Gb  plug.o [1]
scalbln                      0x11c1         Code  Gb  ldexp.o [3]
scalblnl                     0x11c1         Code  Gb  ldexp.o [3]
scalbn                       0x11c1         Code  Gb  ldexp.o [3]
scalbnl                      0x11c1         Code  Gb  ldexp.o [3]
scale                         0xe69   0x46  Code  Lc  xprintffull_nomb.o [2]
sec_hand                0x2000'0000    0x4  Data  Lc  xfail_s.o [2]
sprintf                      0x2091   0x40  Code  Gb  sprintf.o [2]
strchr                        0xf81         Code  Gb  strchr.o [4]
strlen                        0xfe1         Code  Gb  strlen.o [4]
temp_update                  0x1f6f   0x26  Code  Gb  temp.o [1]


[1] = E:\UNI\Senior 1\Fall\Embedded\Projects\Smart Home\Debug\Obj
[2] = dl7M_tln.a
[3] = m7M_tls.a
[4] = rt7M_tl.a
[5] = shb_l.a

  9'290 bytes of readonly  code memory
     98 bytes of readonly  data memory
  4'101 bytes of readwrite data memory

Errors: none
Warnings: none
